// Jest Snapshot v1, https://goo.gl/fbAQLP

exports[`TabQuestions Component should match the snapshot 1`] = `
<div
  className="question-container"
/>
`;
