// Jest Snapshot v1, https://goo.gl/fbAQLP

exports[`AskAwayTab Component should match the snapshot 1`] = `
<Provider
  rtl={false}
  style={
    Object {
      "background": "unset",
    }
  }
  theme={Object {}}
>
  <div>
    <h1 />
  </div>
</Provider>
`;
